
> my-v0-project@0.1.0 build
> next build

node.exe : ΓÜá `eslint` 
configuration in 
next.config.mjs is no longer 
supported. See more info 
here: https://nextjs.org/docs
/app/api-reference/cli/next#n
ext-lint-options
At line:1 char:1
+ & "C:\Program 
Files\nodejs/node.exe" 
"C:\Program 
Files\nodejs/node_mo ...
+ ~~~~~~~~~~~~~~~~~~~~~~~~~~~
~~~~~~~~~~~~~~~~~~~~~~~~~~~~~
~~~~~~~~~~~~~
    + CategoryInfo           
   : NotSpecified: (ΓÜá `es  
  lint` co...xt-lint-optio   
 ns:String) [], RemoteExc    
eption
    + FullyQualifiedErrorId  
   : NativeCommandError
 
ΓÜá Invalid next.config.mjs 
options detected: 
ΓÜá     Unrecognized key(s) 
in object: 'eslint', 
'swcMinify'
ΓÜá See more info here: https
://nextjs.org/docs/messages/i
nvalid-next-config
Γû▓ Next.js 16.1.6 (Turbopack)
- Experiments (use with caution):
  Γ£ô optimizeCss
  ┬╖ optimizePackageImports
  Γ£ô parallelServerBuildTraces
  Γ£ô parallelServerCompiles
  Γ£ô webpackBuildWorker

  Creating an optimized production build ...

> Build error occurred
Error: Turbopack build 
failed with 1 errors:
./app
Error: Next.js inferred your 
workspace root, but it may 
not be correct.
    We couldn't find the 
Next.js package 
(next/package.json) from the 
project directory: 
D:\portfoliov3\app
     To fix this, set 
turbopack.root in your 
Next.js config, or ensure 
the Next.js package is 
resolvable from this 
directory.
    Note: For security and 
performance reasons, files 
outside of the project 
directory will not be 
compiled.
    See https://nextjs.org/do
cs/app/api-reference/config/n
ext-config-js/turbopack#root-
directory for more 
information.

    at ignore-listed frames
